<?xml version="1.0" encoding="utf-8"?><testsuites name="pytest tests"><testsuite name="pytest" errors="0" failures="0" skipped="3" tests="71" time="1.567" timestamp="2026-07-06T21:46:58.716294+03:30" hostname="claude"><testcase classname="test_entity_and_db" name="test_name_and_longname" time="0.016" /><testcase classname="test_entity_and_db" name="test_simplename_strips_dotted_path" time="0.013" /><testcase classname="test_entity_and_db" name="test_type_returns_declared_type" time="0.014" /><testcase classname="test_entity_and_db" name="test_contents_returns_source" time="0.013" /><testcase classname="test_entity_and_db" name="test_language_is_java" time="0.014" /><testcase classname="test_entity_and_db" name="test_id_returns_primary_key" time="0.014" /><testcase classname="test_entity_and_db" name="test_kind_returns_entity_kind" time="0.016" /><testcase classname="test_entity_and_db" name="test_kindname_matches_kind_name" time="0.014" /><testcase classname="test_entity_and_db" name="test_root_entity_has_no_parent" time="0.013" /><testcase classname="test_entity_and_db" name="test_child_resolves_immediate_parent" time="0.014" /><testcase classname="test_entity_and_db" name="test_parent_chain_walks_to_root" time="0.022" /><testcase classname="test_entity_and_db" name="test_ents_returns_referenced_entities" time="0.018" /><testcase classname="test_entity_and_db" name="test_ents_filtered_by_entity_kind" time="0.018" /><testcase classname="test_entity_and_db" name="test_ents_filtered_by_non_matching_entity_kind" time="0.019" /><testcase classname="test_entity_and_db" name="test_depends_and_dependsby_are_empty_dicts" time="0.014" /><testcase classname="test_entity_and_db" name="test_filerefs_returns_empty_list" time="0.013" /><testcase classname="test_entity_and_db" name="test_db_name_and_language" time="0.013" /><testcase classname="test_entity_and_db" name="test_db_ents_returns_all_entities" time="0.014" /><testcase classname="test_entity_and_db" name="test_db_ents_filtered_by_kind" time="0.016" /><testcase classname="test_entity_and_db" name="test_db_ents_unknown_kind_returns_empty" time="0.029" /><testcase classname="test_entity_and_db" name="test_ent_from_id_roundtrip" time="0.015" /><testcase classname="test_entity_and_db" name="test_ent_from_id_unknown_returns_none" time="0.015" /><testcase classname="test_entity_and_db" name="test_lookup_with_kind_filter_finds_entity" time="0.018" /><testcase classname="test_entity_and_db" name="test_relative_file_name" time="0.014" /><testcase classname="test_entity_and_db" name="test_lookup_without_kind_filter_should_find_entities" time="0.019"><skipped type="pytest.xfail" message="FAULT #2: Db.lookup(name) with no kindstring always returns [] because the final re.search uses the literal pattern 'java\\s+None'. See docs/FAULTS.md." /></testcase><testcase classname="test_entity_and_db" name="test_multi_pass_analysis_placeholder" time="0.001"><skipped type="pytest.skip" message="Multi-pass analysis is a property of the parser/listener stage (openunderstand.ounderstand), intentionally stubbed for isolated unit testing of the api/db layer; validated via oracle/differential testing.">/sessions/lucid-intelligent-ride/mnt/advanced test question 3/OpenUnderstand/tests/test_entity_and_db.py:146: Multi-pass analysis is a property of the parser/listener stage (openunderstand.ounderstand), intentionally stubbed for isolated unit testing of the api/db layer; validated via oracle/differential testing.</skipped></testcase><testcase classname="test_kind" name="test_name_returns_kind_name" time="0.011" /><testcase classname="test_kind" name="test_longname_equals_name" time="0.011" /><testcase classname="test_kind" name="test_str_and_repr_are_the_name" time="0.012" /><testcase classname="test_kind" name="test_is_ent_kind_flag" time="0.012" /><testcase classname="test_kind" name="test_check_matches_case_insensitive_substring" time="0.011" /><testcase classname="test_kind" name="test_check_returns_false_for_non_substring" time="0.011" /><testcase classname="test_kind" name="test_check_empty_string_is_true_edge_case" time="0.011" /><testcase classname="test_kind" name="test_list_entity_returns_all_entity_kinds" time="0.012" /><testcase classname="test_kind" name="test_list_entity_returns_kind_instances" time="0.012" /><testcase classname="test_kind" name="test_list_entity_filter_matches_subset" time="0.012" /><testcase classname="test_kind" name="test_list_entity_no_match_falls_back_to_all" time="0.012" /><testcase classname="test_kind" name="test_list_entity_never_returns_reference_kinds" time="0.013" /><testcase classname="test_kind" name="test_list_reference_returns_all_reference_kinds" time="0.012" /><testcase classname="test_kind" name="test_list_reference_filter_matches_subset" time="0.012" /><testcase classname="test_kind" name="test_list_reference_no_match_falls_back_to_all" time="0.013" /><testcase classname="test_kind" name="test_list_reference_never_returns_entity_kinds" time="0.011" /><testcase classname="test_kind" name="test_inv_on_entity_kind_raises_understand_error" time="0.011" /><testcase classname="test_kind" name="test_inv_on_reference_kind_returns_forward_kind" time="0.011"><skipped type="pytest.xfail" message="FAULT #1: Kind.inv() calls inverse.__data__.get('__data__') which is None (should be inverse.__dict__.get('__data__')), so Kind(**None) raises TypeError. See docs/FAULTS.md." /></testcase><testcase classname="test_misc" name="test_version_returns_semver_string" time="0.001" /><testcase classname="test_misc" name="test_understand_error_is_exception" time="0.001" /><testcase classname="test_misc" name="test_db_close_returns_none" time="0.015" /><testcase classname="test_misc" name="test_db_str_is_name" time="0.015" /><testcase classname="test_misc" name="test_parameters_lists_method_parameters" time="0.016" /><testcase classname="test_misc" name="test_parameters_returns_none_when_no_parameters" time="0.014" /><testcase classname="test_misc" name="test_value_returns_string_when_set" time="0.013" /><testcase classname="test_misc" name="test_value_returns_none_when_unset" time="0.001" /><testcase classname="test_misc" name="test_type_returns_none_when_unset" time="0.001" /><testcase classname="test_misc" name="test_freetext_parsetime_relname_uniquename_defaults" time="0.014" /><testcase classname="test_misc" name="test_eq_same_id" time="0.015" /><testcase classname="test_misc" name="test_eq_different_id" time="0.015" /><testcase classname="test_misc" name="test_eq_with_non_ent_is_not_implemented" time="0.014" /><testcase classname="test_misc" name="test_hash_is_hash_of_id" time="0.014" /><testcase classname="test_misc" name="test_str_and_repr" time="0.013" /><testcase classname="test_misc" name="test_unimplemented_orderings_return_none" time="0.014" /><testcase classname="test_ref" name="test_line_and_column" time="0.015" /><testcase classname="test_ref" name="test_isforward_is_false" time="0.014" /><testcase classname="test_ref" name="test_macroexpansion_is_empty_string" time="0.014" /><testcase classname="test_ref" name="test_kind_returns_kind_object" time="0.016" /><testcase classname="test_ref" name="test_kindname_matches_kind_name" time="0.015" /><testcase classname="test_ref" name="test_ent_returns_referenced_entity" time="0.015" /><testcase classname="test_ref" name="test_file_returns_file_entity" time="0.017" /><testcase classname="test_ref" name="test_scope_returns_scope_entity" time="0.015" /><testcase classname="test_ref" name="test_str_contains_kind_and_location" time="0.016" /><testcase classname="test_ref" name="test_repr_equals_str" time="0.018" /><testcase classname="test_ref" name="test_ent_for_unknown_id_raises_does_not_exist" time="0.015" /></testsuite></testsuites>